.next/types/app/(app)/guides/[slug]/page.ts(34,29): error TS2344: Type 'GuidePageProps' does not satisfy the constraint 'PageProps'.
  Types of property 'params' are incompatible.
    Type '{ slug: string; }' is missing the following properties from type 'Promise<any>': then, catch, finally, [Symbol.toStringTag]
.next/types/app/(app)/guides/[slug]/page.ts(38,31): error TS2344: Type 'GuidePageProps' does not satisfy the constraint 'PageProps'.
  Types of property 'params' are incompatible.
    Type '{ slug: string; }' is missing the following properties from type 'Promise<any>': then, catch, finally, [Symbol.toStringTag]
app/(app)/settings/page.tsx(489,29): error TS2345: Argument of type '{ fullName: string; bio: string; experienceLevel: string; tradingStyle: string; }' is not assignable to parameter of type 'Partial<UserProfile>'.
  Types of property 'experienceLevel' are incompatible.
    Type 'string' is not assignable to type '"beginner" | "intermediate" | "advanced" | "expert" | undefined'.
app/(app)/settings/page.tsx(756,23): error TS2322: Type 'string[] | undefined' is not assignable to type 'string[]'.
  Type 'undefined' is not assignable to type 'string[]'.
app/(app)/trades/TradeTable.tsx(696,55): error TS2367: This comparison appears to be unintentional because the types 'string' and 'number' have no overlap.
app/(app)/trades/TradeTable.tsx(697,82): error TS2551: Property 'toFixed' does not exist on type 'string'. Did you mean 'fixed'?
app/(app)/trades/TradeTable.tsx(787,24): error TS2304: Cannot find name 'Plus'.
app/(app)/trading-configuration/page.tsx(230,36): error TS2339: Property 'indeterminate' does not exist on type 'HTMLButtonElement'.
app/actions/backtesting-actions.ts(27,10): error TS2352: Conversion of type 'MathNumericType[]' to type 'number' may be a mistake because neither type sufficiently overlaps with the other. If this was intentional, convert the expression to 'unknown' first.
app/actions/backtesting-actions.ts(215,126): error TS18048: 'exitPriceReason.reason' is possibly 'undefined'.
app/actions/trade-actions.ts(320,22): error TS2345: Argument of type '{ size: number; date: string; instrument: string; direction: "long" | "short"; entry_price: number; exit_price: number; account_id?: string | null | undefined; stop_loss?: number | null | undefined; ... 13 more ...; goodHabits?: string[] | ... 1 more ... | undefined; }' is not assignable to parameter of type 'Partial<NewTradeInput>'.
  Types of property 'stop_loss' are incompatible.
    Type 'number | null | undefined' is not assignable to type 'number | undefined'.
      Type 'null' is not assignable to type 'number | undefined'.
app/api/tradovate/trades/route.ts(55,30): error TS2551: Property 'processTradesFromOrdersEnhanced' does not exist on type 'EnhancedTradovateAPI'. Did you mean 'processTradesFromOrders'?
app/demo/dashboard/page.tsx(679,23): error TS2322: Type '(value: any, name: string) => [string, "Cumulative P&L" | "Trade P&L"]' is not assignable to type 'Formatter<any, string> & ((value: any, name: string, item: Payload<any, string>, index: number, payload: Payload<any, string>[]) => ReactNode | [...])'.
  Type '(value: any, name: string) => [string, "Cumulative P&L" | "Trade P&L"]' is not assignable to type 'Formatter<any, string>'.
    Types of parameters 'name' and 'name' are incompatible.
      Type 'string | undefined' is not assignable to type 'string'.
        Type 'undefined' is not assignable to type 'string'.
components/analytics/insights-view.tsx(937,21): error TS2322: Type '(value: number) => string' is not assignable to type 'Formatter<number, NameType> & ((value: number, name: NameType, item: Payload<number, NameType>, index: number, payload: Payload<number, NameType>[]) => ReactNode | [...])'.
  Type '(value: number) => string' is not assignable to type 'Formatter<number, NameType>'.
    Types of parameters 'value' and 'value' are incompatible.
      Type 'number | undefined' is not assignable to type 'number'.
        Type 'undefined' is not assignable to type 'number'.
components/charts/hexagram-selector.tsx(8,36): error TS7031: Binding element 'hexagrams' implicitly has an 'any' type.
components/charts/hexagram-selector.tsx(8,47): error TS7031: Binding element 'selectedHexagram' implicitly has an 'any' type.
components/charts/hexagram-selector.tsx(8,65): error TS7031: Binding element 'onHexagramSelect' implicitly has an 'any' type.
components/charts/hexagram-selector.tsx(9,31): error TS7006: Parameter 'binaryPattern' implicitly has an 'any' type.
components/charts/hexagram-selector.tsx(17,17): error TS7006: Parameter 'line' implicitly has an 'any' type.
components/charts/hexagram-selector.tsx(17,23): error TS7006: Parameter 'index' implicitly has an 'any' type.
components/charts/hexagram-selector.tsx(52,52): error TS7006: Parameter 'h' implicitly has an 'any' type.
components/charts/hexagram-selector.tsx(64,33): error TS7006: Parameter 'hex' implicitly has an 'any' type.
components/charts/trading-score-chart.tsx(98,13): error TS2322: Type 'string' is not assignable to type '"end" | "start" | "inherit" | "middle" | undefined'.
components/charts/trading-score-chart.tsx(99,13): error TS2322: Type 'string' is not assignable to type '"alphabetic" | "hanging" | "ideographic" | "mathematical" | "inherit" | "auto" | "text-before-edge" | "middle" | "central" | "text-after-edge" | "use-script" | "no-change" | "reset-size" | undefined'.
components/dashboard/premium-calendar-view.tsx(36,15): error TS2339: Property 'entry_time' does not exist on type 'Trade'.
components/dashboard/premium-calendar-view.tsx(36,54): error TS2339: Property 'entry_time' does not exist on type 'Trade'.
components/dashboard/premium-calendar-view.tsx(58,18): error TS2339: Property 'entry_time' does not exist on type 'Trade'.
components/dashboard/premium-calendar-view.tsx(59,40): error TS2339: Property 'entry_time' does not exist on type 'Trade'.
components/indicator-panel.tsx(158,44): error TS2339: Property 'type' does not exist on type 'IndicatorDefinition'.
components/indicator-panel.tsx(158,63): error TS2339: Property 'type' does not exist on type 'IndicatorDefinition'.
components/playbook/visual-map.tsx(194,13): error TS2322: Type '{ ref: MutableRefObject<any>; width: number; height: number; graphData: { nodes: MapNode[]; links: MapLink[]; }; backgroundColor: string; d3AlphaDecay: number; ... 14 more ...; nodeCanvasObject: (node: any, ctx: CanvasRenderingContext2D, globalScale: number) => void; }' is not assignable to type 'IntrinsicAttributes & ForceGraphProps<{ [others: string]: any; id?: string | number | undefined; x?: number | undefined; y?: number | undefined; vx?: number | undefined; vy?: number | undefined; fx?: number | undefined; fy?: number | undefined; }, { ...; }> & { ...; }'.
  Property 'linkDistance' does not exist on type 'IntrinsicAttributes & ForceGraphProps<{ [others: string]: any; id?: string | number | undefined; x?: number | undefined; y?: number | undefined; vx?: number | undefined; vy?: number | undefined; fx?: number | undefined; fy?: number | undefined; }, { ...; }> & { ...; }'.
components/profile-setup/advanced-configuration-step.tsx(6,24): error TS2307: Cannot find module '@/components/ui/toggle' or its corresponding type declarations.
components/profile-setup/advanced-configuration-step.tsx(140,35): error TS7006: Parameter 'pressed' implicitly has an 'any' type.
components/profile-setup/advanced-configuration-step.tsx(157,37): error TS7006: Parameter 'pressed' implicitly has an 'any' type.
components/recharts-trading-chart.tsx(107,15): error TS7053: Element implicitly has an 'any' type because expression of type 'string' can't be used to index type '{ time: number; open: number; high: number; low: number; close: number; volume: number; }'.
  No index signature with a parameter of type 'string' was found on type '{ time: number; open: number; high: number; low: number; close: number; volume: number; }'.
components/recharts-trading-chart.tsx(108,43): error TS7053: Element implicitly has an 'any' type because expression of type 'string' can't be used to index type '{ time: number; open: number; high: number; low: number; close: number; volume: number; }'.
  No index signature with a parameter of type 'string' was found on type '{ time: number; open: number; high: number; low: number; close: number; volume: number; }'.
components/recharts-trading-chart.tsx(109,43): error TS7053: Element implicitly has an 'any' type because expression of type 'string' can't be used to index type '{ time: number; open: number; high: number; low: number; close: number; volume: number; }'.
  No index signature with a parameter of type 'string' was found on type '{ time: number; open: number; high: number; low: number; close: number; volume: number; }'.
components/recharts-trading-chart.tsx(134,39): error TS2322: Type 'string | number' is not assignable to type 'number | `${number}%` | undefined'.
  Type 'string' is not assignable to type 'number | `${number}%` | undefined'.
components/recharts-trading-chart.tsx(179,11): error TS2322: Type '(value: number | string, name: string, entry: any) => [string, string] | [React.JSX.Element, "OHLC"]' is not assignable to type 'Formatter<string | number, string> & ((value: string | number, name: string, item: Payload<string | number, string>, index: number, payload: Payload<string | number, string>[]) => ReactNode | [...])'.
  Type '(value: number | string, name: string, entry: any) => [string, string] | [React.JSX.Element, "OHLC"]' is not assignable to type 'Formatter<string | number, string>'.
    Types of parameters 'value' and 'value' are incompatible.
      Type 'string | number | undefined' is not assignable to type 'string | number'.
        Type 'undefined' is not assignable to type 'string | number'.
components/settings-panel.tsx(7,44): error TS2307: Cannot find module '@/components/ui/radio-group' or its corresponding type declarations.
components/settings-panel.tsx(33,27): error TS7006: Parameter 'newTheme' implicitly has an 'any' type.
components/timing-analytics.tsx(35,44): error TS2345: Argument of type 'number | null | undefined' is not assignable to parameter of type 'number | undefined'.
  Type 'null' is not assignable to type 'number | undefined'.
components/tradingview/quick-connect-modal.tsx(11,45): error TS2307: Cannot find module '@/app/actions/tradingview-actions' or its corresponding type declarations.
lib/ai-insights-generator.ts(241,34): error TS2339: Property 'winRate' does not exist on type 'never'.
lib/ai-insights-generator.ts(246,55): error TS2339: Property 'name' does not exist on type 'never'.
lib/ai-insights-generator.ts(246,89): error TS2339: Property 'winRate' does not exist on type 'never'.
lib/ai-insights-generator.ts(246,134): error TS2339: Property 'count' does not exist on type 'never'.
lib/ai-insights-generator.ts(254,32): error TS2339: Property 'winRate' does not exist on type 'never'.
lib/ai-insights-generator.ts(259,55): error TS2339: Property 'name' does not exist on type 'never'.
lib/ai-insights-generator.ts(259,78): error TS2339: Property 'winRate' does not exist on type 'never'.
lib/ai-insights-generator.ts(259,124): error TS2339: Property 'count' does not exist on type 'never'.
lib/csv-parsers/tradovate-parser.ts(686,48): error TS2339: Property 'rawContracts' does not exist on type 'never'.
lib/csv-parsers/tradovate-parser.ts(703,56): error TS2339: Property 'rawContracts' does not exist on type 'never'.
lib/csv-parsers/tradovate-parser.ts(726,34): error TS2339: Property 'exitTime' does not exist on type 'never'.
lib/csv-parsers/tradovate-parser.ts(727,34): error TS2339: Property 'matches' does not exist on type 'never'.
lib/csv-parsers/tradovate-parser.ts(728,34): error TS2339: Property 'totalQty' does not exist on type 'never'.
lib/csv-parsers/tradovate-parser.ts(729,34): error TS2339: Property 'entryNotional' does not exist on type 'never'.
lib/csv-parsers/tradovate-parser.ts(730,34): error TS2339: Property 'exitNotional' does not exist on type 'never'.
lib/csv-parsers/tradovate-parser.ts(737,34): error TS2339: Property 'pnl' does not exist on type 'never'.
